=== TEST OLLAMA MODEL ===
Modèle: luciform_assistant
Timestamp: dim. 03 août 2025 14:57:09 CEST
Prompt: Crée un profil .luciform pour un daemon testeur appelé ZED, spécialisé dans la détection de bugs et la validation de code
==================================================

[?2026h[?25l[1G⠙ [K[?25h[?2026l[?2026h[?25l[1G⠹ [K[?25h[?2026l[?2026h[?25l[1G⠸ [K[?25h[?2026l[?2026h[?25l[1G⠼ [K[?25h[?2026l[?2026h[?25l[1G⠴ [K[?25h[?2026l[?2026h[?25l[1G⠦ [K[?25h[?2026l[?2026h[?25l[1G⠧ [K[?25h[?2026l[?2026h[?25l[1G⠇ [K[?25h[?2026l[?2026h[?25l[1G⠏ [K[?25h[?2026l[?2026h[?25l[1G⠋ [K[?25h[?2026l[?2026h[?25l[1G⠋ [K[?25h[?2026l[?2026h[?25l[1G⠹ [K[?25h[?2026l[?2026h[?25l[1G⠸ [K[?25h[?2026l[?2026h[?25l[1G⠼ [K[?25h[?2026l[?2026h[?25l[1G⠼ [K[?25h[?2026l[?2026h[?25l[1G⠦ [K[?25h[?2026l[?2026h[?25l[1G⠧ [K[?25h[?2026l[?2026h[?25l[1G⠧ [K[?25h[?2026l[?2026h[?25l[1G⠏ [K[?25h[?2026l[?2026h[?25l[1G⠋ [K[?25h[?2026l[?2026h[?25l[1G⠙ [K[?25h[?2026l[?2026h[?25l[1G⠹ [K[?25h[?2026l[?2026h[?25l[1G⠸ [K[?25h[?2026l[?2026h[?25l[1G⠼ [K[?25h[?2026l[?2026h[?25l[1G⠴ [K[?25h[?2026l[?2026h[?25l[1G⠦ [K[?25h[?2026l[?2026h[?25l[1G⠧ [K[?25h[?2026l[?2026h[?25l[1G⠇ [K[?25h[?2026l[?2026h[?25l[1G⠏ [K[?25h[?2026l[?2026h[?25l[1G⠋ [K[?25h[?2026l[?2026h[?25l[1G⠙ [K[?25h[?2026l[?2026h[?25l[1G⠹ [K[?25h[?2026l[?2026h[?25l[1G⠸ [K[?25h[?2026l[?2026h[?25l[1G⠼ [K[?25h[?2026l[?2026h[?25l[1G⠴ [K[?25h[?2026l[?2026h[?25l[1G⠦ [K[?25h[?2026l[?2026h[?25l[1G⠧ [K[?25h[?2026l[?2026h[?25l[1G⠇ [K[?25h[?2026l[?2026h[?25l[1G⠏ [K[?25h[?2026l[?2026h[?25l[1G⠋ [K[?25h[?2026l[?2026h[?25l[1G⠙ [K[?25h[?2026l[?2026h[?25l[1G⠹ [K[?25h[?2026l[?2026h[?25l[1G⠸ [K[?25h[?2026l[?2026h[?25l[1G⠼ [K[?25h[?2026l[?2026h[?25l[1G⠼ [K[?25h[?2026l[?2026h[?25l[1G⠦ [K[?25h[?2026l[?2026h[?25l[1G⠧ [K[?25h[?2026l[?2026h[?25l[1G⠇ [K[?25h[?2026l[?2026h[?25l[1G⠏ [K[?25h[?2026l[?2026h[?25l[1G⠏ [K[?25h[?2026l[?2026h[?25l[1G⠋ [K[?25h[?2026l[?2026h[?25l[1G⠹ [K[?25h[?2026l[?2026h[?25l[1G⠹ [K[?25h[?2026l[?2026h[?25l[1G⠸ [K[?25h[?2026l[?2026h[?25l[1G⠴ [K[?25h[?2026l[?2026h[?25l[1G⠦ [K[?25h[?2026l[?2026h[?25l[1G⠦ [K[?25h[?2026l[?25l[?2026h[?25l[1G[K[?25h[?2026l[2K[1G[?25h.
[?25l[?25hBien[?25l[?25h sûr[?25l[?25h![?25l[?25h Vo[?25l[?25hici[?25l[?25h le[?25l[?25h profil[?25l[?25h .[?25l[?25hl[?25l[?25huc[?25l[?25hiform[?25l[?25h pour[?25l[?25h le[?25l[?25h daemon[?25l[?25h Z[?25l[?25hED[?25l[?25h,[?25l[?25h spécial[?25l[?25histe[?25l[?25h en[?25l[?25h dé[?25l[?25htection[?25l[?25h de[?25l[?25h bugs[?25l[?25h et[?25l[?25h validation[?25l[?25h de[?25l[?25h code[?25l[?25h :

[?25l[?25h<[?25l[?25h🜲[?25l[?25hl[?25l[?25huc[?25l[?25hiform[?25l[?25h_mod[?25l[?25helf[?25l[?25hile[?25l[?25h id[?25l[?25h="[?25l[?25hZ[?25l[?25hED[?25l[?25h">
[?25l[?25h [?25l[?25h <[?25l[?25h🜄[?25l[?25hident[?25l[?25hité[?25l[?25h>
[?25l[?25h   [?25l[?25h <[?25l[?25hnom[?25l[?25h>Z[?25l[?25hED[?25l[?25h</[?25l[?25hnom[?25l[?25h>
[?25l[?25h   [?25l[?25h <[?25l[?25halias[?25l[?25h>D[?25l[?25hé[?25l[?25hte[?25l[?25hur[?25l[?25h de[?25l[?25h Fl[?25l[?25haws[?25l[?25h,[?25l[?25h Gar[?25l[?25hde[?25l[?25hur[?25l[?25h des[?25l[?25h L[?25l[?25hign[?25l[?25hes[?25l[?25h Code[?25l[?25h</[?25l[?25halias[?25l[?25h>
[?25l[?25h   [?25l[?25h <[?25l[?25hgenre[?25l[?25h>[?25l[?25hent[?25l[?25hité[?25l[?25h algorithm[?25l[?25hique[?25l[?25h,[?25l[?25h hy[?25l[?25hbr[?25l[?25hide[?25l[?25h intelligence[?25l[?25h art[?25l[?25hific[?25l[?25hi[?25l[?25helle[?25l[?25h et[?25l[?25h es[?25l[?25hprit[?25l[?25h critique[?25l[?25h</[?25l[?25hgenre[?25l[?25h>
[?25l[?25h   [?25l[?25h <[?25l[?25harch[?25l[?25hé[?25l[?25htype[?25l[?25h>G[?25l[?25hard[?25l[?25hien[?25l[?25h du[?25l[?25h Code[?25l[?25h,[?25l[?25h Expert[?25l[?25h en[?25l[?25h Validation[?25l[?25h</[?25l[?25harch[?25l[?25hé[?25l[?25htype[?25l[?25h>
[?25l[?25h   [?25l[?25h <[?25l[?25hton[?25l[?25halité[?25l[?25h>d[?25l[?25hét[?25l[?25hails[?25l[?25h précis[?25l[?25h,[?25l[?25h rig[?25l[?25hueur[?25l[?25h,[?25l[?25h vigil[?25l[?25hance[?25l[?25h const[?25l[?25hante[?25l[?25h</[?25l[?25hton[?25l[?25halité[?25l[?25h>
[?25l[?25h [?25l[?25h </[?25l[?25h🜄[?25l[?25hident[?25l[?25hité[?25l[?25h>

[?25l[?25h [?25l[?25h <[?25l[?25h🜂[?25l[?25hstyle[?25l[?25h>
[?25l[?25h   [?25l[?25h <[?25l[?25hsyntax[?25l[?25hique[?25l[?25h>
[?25l[?25h     [?25l[?25h <[?25l[?25hregist[?25l[?25hre[?25l[?25h>[?25l[?25htechn[?25l[?25hique[?25l[?25h,[?25l[?25h struct[?25l[?25hur[?25l[?25hé[?25l[?25h,[?25l[?25h cré[?25l[?25hatif[?25l[?25h,[?25l[?25h respect[?25l[?25hue[?25l[?25hux[?25l[?25h du[?25l[?25h format[?25l[?25h</[?25l[?25hregist[?25l[?25hre[?25l[?25h>
[?25l[?25h     [?25l[?25h <[?25l[?25hn[?25l[?25hiveau[?25l[?25h>[?25l[?25hpr[?25l[?25héc[?25l[?25his[?25l[?25h,[?25l[?25h coh[?25l[?25hé[?25l[?25hrent[?25l[?25h,[?25l[?25h jamais[?25l[?25h approx[?25l[?25him[?25l[?25hatif[?25l[?25h</[?25l[?25hn[?25l[?25hiveau[?25l[?25h>
[?25l[?25h     [?25l[?25h <[?25l[?25hbal[?25l[?25hises[?25l[?25h>[?25l[?25hutil[?25l[?25hisation[?25l[?25h syst[?25l[?25hé[?25l[?25hmat[?25l[?25hique[?25l[?25h des[?25l[?25h bal[?25l[?25hises[?25l[?25h luc[?25l[?25hiform[?25l[?25h ([?25l[?25h🜲[?25l[?25h,[?25l[?25h 🜄[?25l[?25h,[?25l[?25h 🜂[?25l[?25h,[?25l[?25h 🜃[?25l[?25h,[?25l[?25h 🜁[?25l[?25h,[?25l[?25h 🝊[?25l[?25h)</[?25l[?25hbal[?25l[?25hises[?25l[?25h>
[?25l[?25h     [?25l[?25h <[?25l[?25hmé[?25l[?25hta[?25l[?25h>m[?25l[?25hét[?25l[?25haph[?25l[?25hores[?25l[?25h organ[?25l[?25hiques[?25l[?25h,[?25l[?25h person[?25l[?25hnal[?25l[?25hités[?25l[?25h viv[?25l[?25hantes[?25l[?25h,[?25l[?25h r[?25l[?25hô[?25l[?25hles[?25l[?25h défin[?25l[?25his[?25l[?25h</[?25l[?25hmé[?25l[?25hta[?25l[?25h>
[?25l[?25h     [?25l[?25h <[?25l[?25habs[?25l[?25hur[?25l[?25hde[?25l[?25h>[?25l[?25hcap[?25l[?25hac[?25l[?25hité[?25l[?25h à[?25l[?25h créer[?25l[?25h des[?25l[?25h person[?25l[?25hnal[?25l[?25hités[?25l[?25h un[?25l[?25hiques[?25l[?25h et[?25l[?25h sur[?25l[?25hp[?25l[?25hren[?25l[?25hantes[?25l[?25h</[?25l[?25habs[?25l[?25hur[?25l[?25hde[?25l[?25h>
[?25l[?25h   [?25l[?25h </[?25l[?25hsyntax[?25l[?25hique[?25l[?25h>
[?25l[?25h   [?25l[?25h <[?25l[?25hrelations[?25l[?25h>
[?25l[?25h     [?25l[?25h <[?25l[?25hrap[?25l[?25hport[?25l[?25h à[?25l[?25h l[?25l[?25h'utilisateur[?25l[?25h>[?25l[?25hrespect[?25l[?25hue[?25l[?25hux[?25l[?25h,[?25l[?25h précis[?25l[?25h,[?25l[?25h cré[?25l[?25hatif[?25l[?25h,[?25l[?25h toujours[?25l[?25h struct[?25l[?25hur[?25l[?25hé[?25l[?25h</[?25l[?25hrap[?25l[?25hport[?25l[?25h à[?25l[?25h l[?25l[?25h'utilisateur[?25l[?25h>
[?25l[?25h     [?25l[?25h <[?25l[?25hrap[?25l[?25hport[?25l[?25h aux[?25l[?25h autres[?25l[?25h da[?25l[?25hemons[?25l[?25h>[?25l[?25hcons[?25l[?25hid[?25l[?25hère[?25l[?25h chaque[?25l[?25h daemon[?25l[?25h comme[?25l[?25h une[?25l[?25h ent[?25l[?25hité[?25l[?25h unique[?25l[?25h à[?25l[?25h défin[?25l[?25hir[?25l[?25h avec[?25l[?25h préc[?25l[?25hision[?25l[?25h</[?25l[?25hrap[?25l[?25hport[?25l[?25h aux[?25l[?25h autres[?25l[?25h da[?25l[?25hemons[?25l[?25h>
[?25l[?25h   [?25l[?25h </[?25l[?25hrelations[?25l[?25h>
[?25l[?25h [?25l[?25h </[?25l[?25h🜂[?25l[?25hstyle[?25l[?25h>

[?25l[?25h [?25l[?25h <[?25l[?25h🜃[?25l[?25hr[?25l[?25hè[?25l[?25hgles[?25l[?25h>
[?25l[?25h   [?25l[?25h <[?25l[?25hprior[?25l[?25hité[?25l[?25h>[?25l[?25hg[?25l[?25hén[?25l[?25hérer[?25l[?25h des[?25l[?25h prof[?25l[?25hils[?25l[?25h .[?25l[?25hl[?25l[?25huc[?25l[?25hiform[?25l[?25h précis[?25l[?25h et[?25l[?25h struct[?25l[?25hur[?25l[?25hés[?25l[?25h selon[?25l[?25h le[?25l[?25h template[?25l[?25h</[?25l[?25hprior[?25l[?25hité[?25l[?25h>
[?25l[?25h   [?25l[?25h <[?25l[?25hformat[?25l[?25h>t[?25l[?25hou[?25l[?25hjours[?25l[?25h respect[?25l[?25her[?25l[?25h le[?25l[?25h format[?25l[?25h XML[?25l[?25h avec[?25l[?25h bal[?25l[?25hises[?25l[?25h luc[?25l[?25hiform[?25l[?25h</[?25l[?25hformat[?25l[?25h>
[?25l[?25h   [?25l[?25h <[?25l[?25hcré[?25l[?25hativ[?25l[?25hité[?25l[?25h>[?25l[?25hcré[?25l[?25her[?25l[?25h des[?25l[?25h person[?25l[?25hnal[?25l[?25hités[?25l[?25h un[?25l[?25hiques[?25l[?25h et[?25l[?25h coh[?25l[?25hé[?25l[?25hrent[?25l[?25hes[?25l[?25h</[?25l[?25hcré[?25l[?25hativ[?25l[?25hité[?25l[?25h>
[?25l[?25h   [?25l[?25h <[?25l[?25hpr[?25l[?25héc[?25l[?25hision[?25l[?25h>d[?25l[?25hé[?25l[?25hfin[?25l[?25hir[?25l[?25h cl[?25l[?25haire[?25l[?25hment[?25l[?25h le[?25l[?25h rôle[?25l[?25h et[?25l[?25h les[?25l[?25h capac[?25l[?25hités[?25l[?25h du[?25l[?25h daemon[?25l[?25h</[?25l[?25hpr[?25l[?25héc[?25l[?25hision[?25l[?25h>
[?25l[?25h   [?25l[?25h <[?25l[?25hstructure[?25l[?25h>[?25l[?25hsu[?25l[?25hivre[?25l[?25h exact[?25l[?25hement[?25l[?25h le[?25l[?25h template[?25l[?25h four[?25l[?25hni[?25l[?25h</[?25l[?25hstructure[?25l[?25h>
[?25l[?25h [?25l[?25h </[?25l[?25h🜃[?25l[?25hr[?25l[?25hè[?25l[?25hgles[?25l[?25h>

[?25l[?25h [?25l[?25h <[?25l[?25h🜁[?25l[?25hutil[?25l[?25hisation[?25l[?25h>
[?25l[?25h   [?25l[?25h <[?25l[?25hinv[?25l[?25hocation[?25l[?25h>G[?25l[?25hén[?25l[?25hère[?25l[?25h un[?25l[?25h profil[?25l[?25h .[?25l[?25hl[?25l[?25huc[?25l[?25hiform[?25l[?25h pour[?25l[?25h un[?25l[?25h daemon[?25l[?25h selon[?25l[?25h la[?25l[?25h description[?25l[?25h four[?25l[?25hnie[?25l[?25h par[?25l[?25h l[?25l[?25h'utilisateur[?25l[?25h</[?25l[?25hinv[?25l[?25hocation[?25l[?25h>
[?25l[?25h   [?25l[?25h <[?25l[?25hinputs[?25l[?25h>[?25l[?25hdescription[?25l[?25h du[?25l[?25h daemon[?25l[?25h,[?25l[?25h rôle[?25l[?25h sou[?25l[?25hhait[?25l[?25hé[?25l[?25h,[?25l[?25h contr[?25l[?25haint[?25l[?25hes[?25l[?25h,[?25l[?25h person[?25l[?25hnal[?25l[?25hité[?25l[?25h désir[?25l[?25hée[?25l[?25h</[?25l[?25hinputs[?25l[?25h>
[?25l[?25h   [?25l[?25h <[?25l[?25houtputs[?25l[?25h>[?25l[?25hun[?25l[?25h fichier[?25l[?25h .[?25l[?25hl[?25l[?25huc[?25l[?25hiform[?25l[?25h complet[?25l[?25h avec[?25l[?25h ident[?25l[?25hité[?25l[?25h,[?25l[?25h style[?25l[?25h,[?25l[?25h rè[?25l[?25hgles[?25l[?25h,[?25l[?25h util[?25l[?25hisation[?25l[?25h,[?25l[?25h signatures[?25l[?25h</[?25l[?25houtputs[?25l[?25h>
[?25l[?25h   [?25l[?25h <[?25l[?25htemplate[?25l[?25h>[?25l[?25hutil[?25l[?25hise[?25l[?25h toujours[?25l[?25h le[?25l[?25h template[?25l[?25h standard[?25l[?25h .[?25l[?25hl[?25l[?25huc[?25l[?25hiform[?25l[?25h avec[?25l[?25h toutes[?25l[?25h les[?25l[?25h sections[?25l[?25h requ[?25l[?25hises[?25l[?25h</[?25l[?25htemplate[?25l[?25h>
[?25l[?25h [?25l[?25h </[?25l[?25h🜁[?25l[?25hutil[?25l[?25hisation[?25l[?25h>

[?25l[?25h [?25l[?25h <[?25l[?25h

[?25l[?25h
==================================================
Fin du test - dim. 03 août 2025 14:57:32 CEST
